true
false
true
false
true
true
false
false
flase
true
false
true
false
false
true
true

